pool: 7920 candidates (C5 verified), 0 rejected at a cut, 9s
f = 0.500% done (36s)
f = 1.000% done (44s)
f = 2.000% done (51s)

family sha256 fb28ac097eee30b5904185dec3e5771b5d620eae616955722707c6b055b6bf59; 144 configurations; 1164 active weeks
BASE (52w, z1, H1, m2):
    f  total_R  R_per_year  maxDD_R  calmar  CAGR  maxDD_pct    L5_R   L3_R  R_2004-08  R_2009-14  R_2015-20  R_2021-26  entries
0.005   67.099       3.008   70.483   0.043 0.012      0.317 -36.788 15.474      3.269    105.627    -39.718     -2.079     1015
0.010   67.501       3.026   76.450   0.040 0.018      0.589 -32.788 19.596      4.350    107.432    -46.666      2.386     1009
0.020   61.404       2.753   78.167   0.035 0.008      0.870 -34.306 18.514      3.388    105.347    -48.251      0.919     1009
best 10 of 144 at f = 1% (descriptive):
 window  lcb_z     pool  m  equity_filter  total_R  R_per_year  maxDD_R  calmar  CAGR    L5_R   L3_R
     52    1.0 H1+H4+D1  2              0   87.388       3.917   63.426   0.062 0.032 -15.038 19.667
     26    0.5 H1+H4+D1  2             26   83.485       3.742   65.780   0.057 0.031   9.389 23.336
     52    0.5 H1+H4+D1  2              0   76.279       3.419   57.312   0.060 0.027   5.394 30.940
     52    0.5 H1+H4+D1  2             26   69.895       3.133   56.768   0.055 0.028  27.500 26.457
     52    1.0       H1  2              0   67.501       3.026   76.450   0.040 0.018 -32.788 19.596
     26    1.0       H1  2             26   46.941       2.104   81.233   0.026 0.014  12.041 25.164
     52    1.0       H1  2             26   44.747       2.006   57.121   0.035 0.014   0.427 15.856
     52    1.0 H1+H4+D1  2             26   44.326       1.987   43.459   0.046 0.016   2.046  3.164
     52    0.5       H1  2             26   43.804       1.964   53.479   0.037 0.015  -0.014 13.951
     26    0.5 H1+H4+D1  1              0   39.990       1.793   60.680   0.030 0.012 -12.905 -1.243
done 52s
