pool: 6696 candidates (C5 verified), 0 rejected at a cut, 12s
f = 0.500% done (50s)
f = 1.000% done (66s)
f = 2.000% done (80s)

family sha256 fb28ac097eee30b5904185dec3e5771b5d620eae616955722707c6b055b6bf59; 144 configurations; 1164 active weeks
BASE (52w, z1, H1, m2):
    f  total_R  R_per_year  maxDD_R  calmar   CAGR  maxDD_pct    L5_R    L3_R  R_2004-08  R_2009-14  R_2015-20  R_2021-26  entries
0.005 -151.833      -6.806  176.709  -0.039 -0.039      0.633 -31.717  16.692    -90.695    -10.212    -23.366    -27.561     4273
0.010 -220.366      -9.879  216.545  -0.046 -0.113      0.932 -53.000 -24.403    -93.512     -9.982    -62.821    -54.052     3919
0.020 -156.956      -7.036  153.134  -0.046 -0.181      0.988 -19.810  -7.890    -80.738    -14.413    -39.113    -22.692     2956
best 10 of 144 at f = 1% (descriptive):
 window  lcb_z     pool  m  equity_filter  total_R  R_per_year  maxDD_R  calmar  CAGR    L5_R    L3_R
     78    2.0       H1  2             26   83.621       3.749   56.201   0.067 0.029  11.872  11.872
     78    2.0       H1  2              0   82.860       3.714   94.503   0.039 0.023 -44.252 -19.003
     26    0.5       H4  1              0   66.468       2.980   28.121   0.106 0.027  25.660  39.331
     26    1.0       H4  1              0   58.541       2.624   30.708   0.085 0.023  37.575  36.612
     78    2.0 H1+H4+D1  2              0   54.256       2.432   31.081   0.078 0.022  23.404  22.736
     78    0.5       D1  2             26   52.032       2.333   24.196   0.096 0.024  33.454  34.969
     78    2.0       H4  1             26   40.172       1.801   12.824   0.140 0.017  17.151  19.971
     52    0.5       H4  1             26   33.627       1.507   28.213   0.053 0.014  -7.778  -3.903
     78    2.0       H1  1             26   31.975       1.433   32.778   0.044 0.012  22.280  22.280
     26    0.5       H4  1             26   31.498       1.412   32.839   0.043 0.013   5.835   2.157
done 81s
