canonical_history=VERIFIED sha256=613d5e7476deeaa3dc473371028adf9d4724720788b5f1d424e410556dfad158
M5: 374,054 bars 2021-01 .. 2026-09
M15: 126,785 bars 2021-01 .. 2026-09
M30: 61,882 bars 2021-07 .. 2026-09
H1: 141,464 bars 2003-05 .. 2026-08
H4: 36,341 bars 2003-05 .. 2026-08
D1: 6,042 bars 2003-05 .. 2026-08

7420 indicator setups + 120 random rows -> multi_tf_inverted.xlsx
     setups  best_net_R  worst_net_R  mean_net_R  share_positive  mean_cost_R  mean_gross_R  random_mean_net_R
tf                                                                                                            
M5     1240      -0.106       -0.618      -0.300           0.000        0.263        -0.036             -0.291
M15    1240       0.046       -0.390      -0.181           0.002        0.138        -0.041             -0.180
M30    1240       0.086       -0.375      -0.136           0.010        0.094        -0.040             -0.118
H1     1240       0.074       -0.335      -0.097           0.025        0.060        -0.035             -0.078
H4     1240       0.218       -0.314      -0.063           0.140        0.029        -0.032             -0.002
D1     1220       0.231       -0.305      -0.034           0.256        0.011        -0.019             -0.080

best net R per trade, TF x RR:
RR     1:1    2:1    3:1    5:1   10:1
tf                                    
M5  -0.106 -0.118 -0.150 -0.152 -0.166
M15  0.046  0.019 -0.009 -0.057 -0.068
M30  0.086  0.033  0.014 -0.003 -0.034
H1   0.074  0.035  0.031 -0.007 -0.014
H4   0.218  0.160  0.129  0.068  0.041
D1   0.231  0.148  0.141  0.092  0.071

average net R per trade, TF x RR:
RR     1:1    2:1    3:1    5:1   10:1
tf                                    
M5  -0.276 -0.287 -0.297 -0.312 -0.330
M15 -0.155 -0.168 -0.179 -0.194 -0.212
M30 -0.110 -0.121 -0.133 -0.148 -0.167
H1  -0.076 -0.083 -0.092 -0.106 -0.127
H4  -0.048 -0.056 -0.060 -0.069 -0.082
D1  -0.023 -0.030 -0.034 -0.036 -0.047

best per TF:
                setup    mode  k_atr   RR  hold_bars     n  win_rate  gross_R  cost_R  net_R  R_per_year
tf                                                                                                      
M5    SMA_cross_10_30    FADE      2  1:1        240  1437     0.537    0.071   0.171 -0.106     -26.614
M15  SMA_cross_50_200    FADE      2  1:1        240   326     0.567    0.135   0.082  0.046       2.604
M30        RSI2_10_90  FOLLOW      2  1:1        240   252     0.579    0.153   0.064  0.086       4.151
H1   RSI14_30_70_exit    FADE      2  1:1        240   517     0.557    0.113   0.036  0.074       1.637
H4   RSI14_30_70_exit    FADE      1  1:1        240   135     0.630    0.259   0.038  0.218       1.259
D1    SMA_cross_20_50    FADE      1  1:1         60    59     0.627    0.254   0.014  0.231       0.583

worst per TF:
                     setup    mode  k_atr    RR  hold_bars     n  win_rate  gross_R  cost_R  net_R
tf                                                                                                
M5   Keltner_breakout_20_2  FOLLOW      1  10:1        240  1382     0.726   -0.201   0.417 -0.618
M15       BB_breakout_20_2    FADE      1  10:1         24  3377     0.736   -0.190   0.200 -0.390
M30    Donchian55_breakout    FADE      1  10:1        240   231     0.675   -0.259   0.116 -0.375
H1     Donchian55_breakout    FADE      1  10:1        240   527     0.677   -0.255   0.080 -0.335
H4        RSI14_30_70_exit  FOLLOW      1   1:1        240   135     0.363   -0.274   0.038 -0.314
D1         SMA_cross_20_50  FOLLOW      1   2:1         60    59     0.475   -0.288   0.014 -0.305
chart -> multi_tf_inverted.png
