canonical_history=VERIFIED sha256=613d5e7476deeaa3dc473371028adf9d4724720788b5f1d424e410556dfad158
M5: 374,054 bars 2021-01 .. 2026-09
M15: 126,785 bars 2021-01 .. 2026-09
M30: 61,882 bars 2021-07 .. 2026-09
H1: 141,464 bars 2003-05 .. 2026-08
H4: 36,341 bars 2003-05 .. 2026-08
D1: 6,042 bars 2003-05 .. 2026-08

7420 indicator setups + 120 random rows -> multi_tf.xlsx
     setups  best_net_R  worst_net_R  mean_net_R  share_positive  mean_cost_R  mean_gross_R  random_mean_net_R
tf                                                                                                            
M5     1240      -0.006       -0.595      -0.267           0.000        0.263         0.002             -0.285
M15    1240       0.222       -0.497      -0.143           0.044        0.138         0.002             -0.175
M30    1240       0.490       -0.564      -0.092           0.127        0.094         0.009             -0.072
H1     1240       0.336       -0.326      -0.041           0.252        0.060         0.024              0.005
H4     1240       0.936       -0.682      -0.019           0.410        0.029         0.020              0.081
D1     1220       1.179       -0.566       0.035           0.513        0.011         0.064             -0.068

best net R per trade, TF x RR:
RR     1:1    1:2    1:3    1:5   1:10
tf                                    
M5  -0.106 -0.102 -0.089 -0.021 -0.006
M15  0.046  0.112  0.096  0.111  0.222
M30  0.086  0.174  0.269  0.272  0.490
H1   0.074  0.124  0.185  0.251  0.336
H4   0.218  0.299  0.403  0.516  0.936
D1   0.231  0.322  0.575  0.664  1.179

average net R per trade, TF x RR:
RR     1:1    1:2    1:3    1:5   1:10
tf                                    
M5  -0.276 -0.272 -0.269 -0.266 -0.252
M15 -0.155 -0.148 -0.144 -0.138 -0.128
M30 -0.110 -0.102 -0.097 -0.080 -0.070
H1  -0.076 -0.067 -0.051 -0.024  0.014
H4  -0.048 -0.037 -0.027 -0.010  0.025
D1  -0.023 -0.002  0.024  0.064  0.111

best per TF:
                   setup    mode  k_atr    RR  hold_bars     n  win_rate  gross_R  cost_R  net_R  R_per_year
tf                                                                                                          
M5       OBV_SMA20_cross  FOLLOW      2  1:10        240  1501     0.183    0.176   0.170 -0.006      -1.530
M15  WilliamsR_exit_OBOS    FADE      2  1:10        240   517     0.182    0.333   0.093  0.222      19.980
M30     RSI14_30_70_exit    FADE      1  1:10        240   224     0.152    0.620   0.107  0.490      20.951
H1   Donchian20_breakout  FOLLOW      2  1:10        240   563     0.181    0.397   0.042  0.336       8.112
H4            RSI2_10_90    FADE      1  1:10        240   148     0.189    1.013   0.041  0.936       5.941
D1      RSI14_30_70_exit    FADE      1  1:10         60    61     0.279    1.278   0.015  1.179       3.082

worst per TF:
                     setup    mode  k_atr    RR  hold_bars     n  win_rate  gross_R  cost_R  net_R
tf                                                                                                
M5        VWAP_daily_cross  FOLLOW      1   1:5        240  1362     0.146   -0.135   0.453 -0.595
M15  Keltner_breakout_20_2    FADE      1  1:10        240   480     0.067   -0.309   0.182 -0.497
M30   Supertrend_10_3_flip  FOLLOW      1  1:10        240   227     0.062   -0.428   0.121 -0.564
H1         SMA_cross_10_30    FADE      1  1:10        240   540     0.083   -0.233   0.079 -0.326
H4        BB_breakout_20_2    FADE      1  1:10        240   144     0.035   -0.625   0.038 -0.682
D1        SMA_cross_50_200    FADE      1   1:3         10    31     0.161   -0.543   0.016 -0.566
chart -> multi_tf.png
