M5 done
M15 done
H1 done
H4 done
D1 done
ALL 5 TF done
C:\Users\66985\Documents\EA-tread\research\foundry\wrwr_compound.py:135: UserWarning: Glyph 3648 (\N{THAI CHARACTER SARA E}) missing from font(s) DejaVu Sans.
  fig.tight_layout(); fig.savefig(E.ROOT / "data" / "foundry" / "wrwr_compound.png", dpi=110)
C:\Users\66985\Documents\EA-tread\research\foundry\wrwr_compound.py:135: UserWarning: Glyph 3605 (\N{THAI CHARACTER TO TAO}) missing from font(s) DejaVu Sans.
  fig.tight_layout(); fig.savefig(E.ROOT / "data" / "foundry" / "wrwr_compound.png", dpi=110)
C:\Users\66985\Documents\EA-tread\research\foundry\wrwr_compound.py:135: UserWarning: Glyph 3617 (\N{THAI CHARACTER MO MA}) missing from font(s) DejaVu Sans.
  fig.tight_layout(); fig.savefig(E.ROOT / "data" / "foundry" / "wrwr_compound.png", dpi=110)
C:\Users\66985\Documents\EA-tread\research\foundry\wrwr_compound.py:135: UserWarning: Glyph 3611 (\N{THAI CHARACTER PO PLA}) missing from font(s) DejaVu Sans.
  fig.tight_layout(); fig.savefig(E.ROOT / "data" / "foundry" / "wrwr_compound.png", dpi=110)
C:\Users\66985\Documents\EA-tread\research\foundry\wrwr_compound.py:135: UserWarning: Glyph 3621 (\N{THAI CHARACTER LO LING}) missing from font(s) DejaVu Sans.
  fig.tight_layout(); fig.savefig(E.ROOT / "data" / "foundry" / "wrwr_compound.png", dpi=110)
C:\Users\66985\Documents\EA-tread\research\foundry\wrwr_compound.py:135: UserWarning: Glyph 3634 (\N{THAI CHARACTER SARA AA}) missing from font(s) DejaVu Sans.
  fig.tight_layout(); fig.savefig(E.ROOT / "data" / "foundry" / "wrwr_compound.png", dpi=110)
C:\Users\66985\Documents\EA-tread\research\foundry\wrwr_compound.py:135: UserWarning: Glyph 3626 (\N{THAI CHARACTER SO SUA}) missing from font(s) DejaVu Sans.
  fig.tight_layout(); fig.savefig(E.ROOT / "data" / "foundry" / "wrwr_compound.png", dpi=110)
C:\Users\66985\Documents\EA-tread\research\foundry\wrwr_compound.py:135: UserWarning: Glyph 3604 (\N{THAI CHARACTER DO DEK}) missing from font(s) DejaVu Sans.
  fig.tight_layout(); fig.savefig(E.ROOT / "data" / "foundry" / "wrwr_compound.png", dpi=110)

=== เต็ม 2004-26 ===
          pre_CAGR_1%  pre_maxDD_1%    pre_R  best_CAGR  best_maxDD  best_multiple  best_risk   best_R                        best_setting
pool                                                                                                                                      
M5             -0.019         0.800   -5.053      0.015       0.168          1.383      0.005   84.956  52w z1.0 top3 size1 eq26 skipCALM0
M15            -0.183         0.993 -343.225      0.005       0.297          1.123      0.002   70.819  78w z1.0 top5 size0 eq26 skipCALM0
H1              0.026         0.779  182.631      0.087       0.289          6.374      0.010  216.716  78w z2.0 top1 size0 eq26 skipCALM0
H4              0.017         0.451   78.389      0.033       0.300          2.069      0.005  203.833  78w z1.0 top5 size0 eq26 skipCALM1
D1             -0.016         0.451  -27.198      0.027       0.206          1.803      0.005  130.888  78w z0.5 top5 size1 eq26 skipCALM0
ALL 5 TF       -0.001         0.699   46.209      0.064       0.270          3.983      0.005  331.046  78w z2.0 top5 size0 eq26 skipCALM0

=== 5 ปีล่าสุด ===
          pre_CAGR_1%  pre_maxDD_1%    pre_R  best_CAGR  best_maxDD  best_multiple  best_risk   best_R                        best_setting
pool                                                                                                                                      
M5              0.168         0.303  104.303      0.168       0.273          2.172      0.030   33.436   78w z1.0 top1 size1 eq0 skipCALM0
M15            -0.501         0.980 -249.266      0.041       0.236          1.219      0.002  103.035  78w z1.0 top5 size0 eq26 skipCALM0
H1             -0.068         0.574  -14.637      0.142       0.237          1.936      0.020   37.039  78w z2.0 top1 size1 eq26 skipCALM0
H4              0.078         0.342   50.842      0.192       0.267          2.400      0.010  114.940  78w z2.0 top5 size0 eq26 skipCALM0
D1              0.017         0.217   10.970      0.179       0.293          2.275      0.030   33.278   78w z2.0 top5 size1 eq0 skipCALM1
ALL 5 TF        0.083         0.411   51.802      0.291       0.261          3.564      0.020   83.851  52w z1.0 top3 size0 eq26 skipCALM0

=== 3 ปีล่าสุด ===
          pre_CAGR_1%  pre_maxDD_1%    pre_R  best_CAGR  best_maxDD  best_multiple  best_risk   best_R                        best_setting
pool                                                                                                                                      
M5              0.295         0.303  104.303      0.296       0.273          2.172      0.030   33.436   78w z1.0 top1 size1 eq0 skipCALM0
M15            -0.415         0.898 -114.949      0.308       0.261          2.230      0.005  201.257  78w z1.0 top5 size0 eq26 skipCALM1
H1              0.052         0.256   29.656      0.247       0.237          1.936      0.020   37.039  78w z2.0 top1 size1 eq26 skipCALM1
H4              0.271         0.342   81.920      0.557       0.252          3.754      0.020   83.700  26w z2.0 top5 size1 eq26 skipCALM1
D1              0.026         0.126    8.593      0.401       0.227          2.740      0.030   38.940  78w z2.0 top5 size0 eq26 skipCALM1
ALL 5 TF        0.341         0.352   97.654      0.577       0.261          3.907      0.020   88.235  52w z1.0 top3 size0 eq26 skipCALM0
-> wrwr_compound.xlsx / .png
