11160 candidates: {'H1': 2232, 'H4': 2232, 'D1': 2232, 'M15': 2232, 'M5': 2232}
384 score tables ready
184,320 configurations
  0
  20,000
  40,000
  60,000
  80,000
  100,000
  120,000
  140,000
  160,000
  180,000

baseline (pre-registered 52w LCB top2):
window                     52
lcb_z                     1.0
min_trades                 10
pool                       H1
top_m                       2
no_trade_margin           0.0
wrwr_sizing              True
equity_filter               0
skip                     none
total_R            182.631369
R_per_year           8.243689
R_per_trade          0.033008
trades                 5533.0
max_dd_R           106.553786
ret_dd               1.713983
pos_years            0.521739
worst_year_R       -48.873461
R_2004-08             5.45454
R_2009-14          112.190921
R_2015-20           42.858767
R_2021-26           22.127141

(1) WALK-FORWARD over configs (year uses best of the prior 4 years): total +605.1 R over 19 years (+31.8 R/yr), positive years 63%
year  2008.0  2009.0  2010.0  2011.0  2012.0  2013.0  2014.0  2015.0  2016.0  2017.0  2018.0  2019.0  2020.0  2021.0  2022.0  2023.0  2024.0  2025.0  2026.0
R      234.6   203.1    95.9    62.1   -16.2     6.9   -12.6    32.5   -65.3     8.7   -23.9    10.8   -54.5    17.9     0.0   -16.7     7.6    23.8    90.4
   2004-08: +234.6 R
   2009-14: +339.2 R
   2015-20: -91.6 R
   2021-26: +122.9 R

(2) IN-SAMPLE (hindsight) - 14,879 of 184,320 configs positive in every era; top 5:
 window  lcb_z  min_trades   pool  top_m  no_trade_margin  wrwr_sizing  equity_filter skip  total_R  R_per_year  R_per_trade  trades  max_dd_R  ret_dd  pos_years  worst_year_R  R_2004-08  R_2009-14  R_2015-20  R_2021-26
     52    2.0          20     H1      8              0.0        False             13 none 1158.631      52.299        0.091 12685.0   127.985   9.053      0.609       -55.152    515.471    320.789    169.549    152.822
     52    2.0          10     H1      8              0.0        False             13 none 1158.631      52.299        0.091 12685.0   127.985   9.053      0.609       -55.152    515.471    320.789    169.549    152.822
     52    2.0          20 M15+H1      8              0.0        False             13 none 1106.332      49.938        0.086 12857.0   127.985   8.644      0.609       -55.152    515.471    320.789    169.549    100.522
     52    1.0          20     H1      8              0.1        False             26 none 1084.315      48.944        0.093 11649.0   167.312   6.481      0.609       -62.755    335.605    332.198    190.260    226.252
     52    1.0          10     H1      8              0.1        False             26 none 1084.315      48.944        0.093 11649.0   167.312   6.481      0.609       -62.755    335.605    332.198    190.260    226.252

(2b) IN-SAMPLE, most positive years (>= 1,000 trades):
 window  lcb_z  min_trades   pool  top_m  no_trade_margin  wrwr_sizing  equity_filter      skip  total_R  R_per_year  R_per_trade  trades  max_dd_R  ret_dd  pos_years  worst_year_R  R_2004-08  R_2009-14  R_2015-20  R_2021-26
     52    1.0          20 SL2ATR      8             0.10        False              0 skip_CALM  947.319      42.760        0.096  9832.0   144.940   6.536      0.783      -100.473    391.847    247.879    195.837    111.757
     52    1.0          20 SL2ATR      8             0.00        False              0 skip_CALM  940.802      42.466        0.094  9972.0   156.905   5.996      0.783      -109.075    398.059    247.879    185.392    109.472
     52    1.0          20 SL2ATR      8             0.05        False              0 skip_CALM  940.802      42.466        0.094  9972.0   156.905   5.996      0.783      -109.075    398.059    247.879    185.392    109.472
     78    1.5          20 SL2ATR      5             0.05        False              0      none  551.104      24.876        0.093  5897.0   107.675   5.118      0.783       -47.377    208.508    235.568     70.663     36.365
     78    1.5          20 SL2ATR      5             0.00        False              0      none  550.009      24.827        0.093  5901.0   108.860   5.052      0.783       -47.377    208.508    235.568     70.754     35.180

(2c) IN-SAMPLE, best return / max drawdown (>= 1,000 trades):
 window  lcb_z  min_trades   pool  top_m  no_trade_margin  wrwr_sizing  equity_filter      skip  total_R  R_per_year  R_per_trade  trades  max_dd_R  ret_dd  pos_years  worst_year_R  R_2004-08  R_2009-14  R_2015-20  R_2021-26
     52    2.0          20 SL2ATR      5             0.10        False             52 skip_CALM  414.861      18.726        0.188  2211.0    28.573  14.520      0.391       -13.449    167.852     95.652     76.418     74.938
     78    2.0          20 SL2ATR      8             0.00        False             26 skip_CALM  763.037      34.442        0.144  5307.0    56.886  13.413      0.652       -16.639    310.426    247.432    132.351     72.828
     78    2.0          20 SL2ATR      8             0.00        False             26      none  823.228      37.159        0.135  6100.0    64.560  12.751      0.696       -22.918    292.040    329.092    127.006     75.090
     78    1.5          20 SL2ATR      5             0.00        False             26      none  584.826      26.398        0.155  3762.0    46.028  12.706      0.652       -20.499    213.830    200.712     85.915     84.369
     78    1.5          20 SL2ATR      5             0.05        False             26      none  584.736      26.394        0.155  3761.0    46.028  12.704      0.652       -20.499    213.830    200.712     85.824     84.369

=== LAST 5 YEARS (2021-09-03 .. 2026-08-21) ===
baseline 52w LCB top2 H1: -14.6 R, positive blocks 2/5, DD 77.1
walk-forward over configs, calendar years from 2021: +122.9 R
in-sample: 544 configs positive in all 5 blocks; top by R:
 window  lcb_z  min_trades   pool  top_m  no_trade_margin  wrwr_sizing  equity_filter      skip   L5_R  L5_trades  L5_dd  L5_ret_dd  L5_pos_blocks  L5_worst_block  total_R  pos_years
     26    0.5          20 SL2ATR      5             0.10        False              0 skip_HIGH 102.71     1426.0  49.66       2.07            5.0            3.57    -7.05       0.57
     26    0.5          20 SL2ATR      5             0.00        False              0 skip_HIGH 102.71     1426.0  49.66       2.07            5.0            3.57    -7.05       0.57
     26    0.5          20 SL2ATR      5             0.05        False              0 skip_HIGH 102.71     1426.0  49.66       2.07            5.0            3.57    -7.05       0.57
     26    0.5          20 SL2ATR      5             0.10         True              0 skip_HIGH  88.01     1426.0  49.21       1.79            5.0            3.59   -51.43       0.52
     26    0.5          20 SL2ATR      5             0.05         True              0 skip_HIGH  88.01     1426.0  49.21       1.79            5.0            3.59   -51.43       0.52
top by return / DD:
 window  lcb_z  min_trades   pool  top_m  no_trade_margin  wrwr_sizing  equity_filter      skip  L5_R  L5_trades  L5_dd  L5_ret_dd  L5_pos_blocks  L5_worst_block  total_R  pos_years
     26    0.5          20 SL2ATR      3             0.00        False              0 skip_HIGH 78.52      832.0  26.43       2.97            5.0            2.00    27.92       0.61
     26    0.5          20 SL2ATR      3             0.05        False              0 skip_HIGH 78.52      832.0  26.43       2.97            5.0            2.00    27.92       0.61
     26    0.5          20 SL2ATR      3             0.10        False              0 skip_HIGH 78.52      832.0  26.43       2.97            5.0            2.00    27.92       0.61
     26    0.5          20 SL2ATR      3             0.00         True              0 skip_HIGH 64.85      832.0  26.16       2.48            5.0            0.31    -1.08       0.61
     26    0.5          20 SL2ATR      3             0.05         True              0 skip_HIGH 64.85      832.0  26.16       2.48            5.0            0.31    -1.08       0.61

=== LAST 3 YEARS (2023-09-01 .. 2026-08-21) ===
baseline 52w LCB top2 H1: +29.7 R, positive blocks 2/3, DD 28.3
walk-forward over configs, calendar years from 2023: +105.0 R
in-sample: 17,110 configs positive in all 3 blocks; top by R:
 window  lcb_z  min_trades   pool  top_m  no_trade_margin  wrwr_sizing  equity_filter      skip   L3_R  L3_trades  L3_dd  L3_ret_dd  L3_pos_blocks  L3_worst_block  total_R  pos_years
     52    1.0          10     H1      8             0.05        False              0 skip_CALM 279.97     2790.0  90.30        3.1            3.0           21.18   494.91       0.52
     52    1.0          20     H1      8             0.05        False              0 skip_CALM 279.97     2790.0  90.30        3.1            3.0           21.18   494.91       0.52
     52    1.0          20     H1      8             0.00        False              0 skip_CALM 279.97     2790.0  90.30        3.1            3.0           21.18   529.92       0.52
     52    1.0          10     H1      8             0.00        False              0 skip_CALM 279.97     2790.0  90.30        3.1            3.0           21.18   529.92       0.52
     52    1.0          20 M15+H1      8             0.05        False              0 skip_CALM 272.23     2791.0  82.37        3.3            3.0            5.51   407.63       0.52
top by return / DD:
 window  lcb_z  min_trades      pool  top_m  no_trade_margin  wrwr_sizing  equity_filter      skip   L3_R  L3_trades  L3_dd  L3_ret_dd  L3_pos_blocks  L3_worst_block  total_R  pos_years
     52    0.5          20 H4+D1_SL2      8             0.10        False              0 skip_HIGH 125.68      540.0  15.40       8.16            3.0           17.02   -85.31       0.48
     52    0.5          20 H4+D1_SL2      8             0.00        False              0 skip_HIGH 125.68      540.0  15.40       8.16            3.0           17.02   -85.31       0.48
     52    0.5          20 H4+D1_SL2      8             0.05        False              0 skip_HIGH 125.68      540.0  15.40       8.16            3.0           17.02   -85.31       0.48
     52    0.5          20 H4+D1_SL2      8             0.10         True              0 skip_HIGH 116.63      540.0  14.95       7.80            3.0           17.17   -82.01       0.48
     52    0.5          20 H4+D1_SL2      8             0.00         True              0 skip_HIGH 116.63      540.0  14.95       7.80            3.0           17.17   -82.01       0.48
-> wrwr_system.xlsx / .png
